// Jest Snapshot v1, https://goo.gl/fbAQLP

exports[`should render ExpensesSummary with one expense 1`] = `
<div>
  <h1>
    Viewing 
     
    expenses
     totalling 
    $0.94
  </h1>
</div>
`;

exports[`should render ExpensesSummary with two expense 1`] = `
<div>
  <h1>
    Viewing 
     
    expenses
     totalling 
    $0.94
  </h1>
</div>
`;
